
> vyomagami@0.1.0 build
> next build

Γû▓ Next.js 16.1.6 (Turbopack)

  Creating an optimized production build ...
Γ£ô Compiled successfully in 4.7s
  Running TypeScript ...
node.exe : Failed to compile.
At line:1 char:1
+ & "C:\Program 
Files\nodejs/node.exe" 
"C:\Program Files\nodejs/node_mo 
...
+ ~~~~~~~~~~~~~~~~~~~~~~~~~~~~~~~~
~~~~~~~~~~~~~~~~~~~~~~~~~~~~~~~~~~
~~~
    + CategoryInfo          : Not 
   Specified: (Failed to compile  
  .:String) [], RemoteException
    + FullyQualifiedErrorId : Nat 
   iveCommandError
 

./src/components/Tech.tsx:79:15
Type error: Type '{ hidden: { 
opacity: number; scale: number; 
y: number; }; show: { opacity: 
number; scale: number; y: number; 
transition: { duration: number; 
ease: string; }; }; }' is not 
assignable to type 'Variants'.
  Property 'show' is incompatible 
with index signature.
    Type '{ opacity: number; 
scale: number; y: number; 
transition: { duration: number; 
ease: string; }; }' is not 
assignable to type 'Variant'.
      Type '{ opacity: number; 
scale: number; y: number; 
transition: { duration: number; 
ease: string; }; }' is not 
assignable to type 
'TargetAndTransition'.
        Type '{ opacity: number; 
scale: number; y: number; 
transition: { duration: number; 
ease: string; }; }' is not 
assignable to type '{ 
transition?: Transition<any> | 
undefined; transitionEnd?: 
ResolvedValues$1 | undefined; }'.
          Types of property 
'transition' are incompatible.
            Type '{ duration: 
number; ease: string; }' is not 
assignable to type 
'Transition<any> | undefined'.
              Type '{ duration: 
number; ease: string; }' is not 
assignable to type 'TransitionWith
ValueOverrides<any>'.
                Type '{ duration: 
number; ease: string; }' is not 
assignable to type 
'ValueAnimationTransition<any>'.
                  Types of 
property 'ease' are incompatible.
                    Type 'string' 
is not assignable to type 'Easing 
| Easing[] | undefined'.

[0m [90m 77 |[39m             
[33m<[39m[33mmotion[39m[33m.[
39mdiv 
 [90m 78 |[39m               
key[33m=[39m{idx} 
[31m[1m>[22m[39m[90m 79 
|[39m               
variants[33m=[39m{item}
 [90m    |[39m               
[31m[1m^[22m[39m
 [90m 80 |[39m               
className[33m=[39m[32m"border 
border-white/10 p-8 
hover:bg-martian/5 transition-all 
group relative overflow-hidden 
bg-cosmic-midnight"[39m
 [90m 81 |[39m               
whileHover[33m=[39m{{ 
y[33m:[39m 
[33m-[39m[35m5[39m }}
 [90m 82 |[39m             
[33m>[39m[0m
Next.js build worker exited with 
code: 1 and signal: null
